---
source: crates/datarig-tui/tests/flows_layout.rs
expression: "h.draw(160, 45).backend()"
---
"╭ Explorer ────────────────────────────╮ 1 console 1 ○ ×  2 shop.users ● ×                                                                                      "
"│  ＋ New connection                   │╭ Results · 8 rows ────────────────────────────────────────────────────╮╭ [Cell] Row · I ──────────────────────────────╮" Hidden by multi-width symbols: [(4, " ")]
"│▾ ●   local-pg                        ││   │ id   │ name                 │ nickname    │ address              ││ id                                           │"
"│  ▾ datarig default                   ││   │ int8 │ text                 │ text        │ text                 ││ int8 · 1 character                           │"
"│    ▸ analytics                       ││ 1 │    1 │ 陳大文               │ 大文🐘      │ 臺北市信義區信義路五…││                                              │" Hidden by multi-width symbols: [(54, " "), (56, " "), (58, " "), (77, " "), (79, " "), (81, " "), (91, " "), (93, " "), (95, " "), (97, " "), (99, " "), (101, " "), (103, " "), (105, " "), (107, " "), (109, " ")]
"│    ▸ public                          ││ 2 │    2 │ 林美玲               │ NULL        │ 高雄市前鎮區成功二路…││ 1                                            │" Hidden by multi-width symbols: [(54, " "), (56, " "), (58, " "), (91, " "), (93, " "), (95, " "), (97, " "), (99, " "), (101, " "), (103, " "), (105, " "), (107, " "), (109, " ")]
"│    ▾ shop                            ││ 3 │    3 │ 張志明               │ 👨‍👩‍👧‍👦 family   │ NULL                 ││                                              │" Hidden by multi-width symbols: [(54, " "), (56, " "), (58, " "), (77, " ")]
"│      ▾ Tables                        ││ 4 │    4 │ Emoji テスト         │ 🔥🚀✨🎉    │ 沖縄県那覇市おもろま…││                                              │" Hidden by multi-width symbols: [(60, " "), (62, " "), (64, " "), (77, " "), (79, " "), (81, " "), (83, " "), (91, " "), (93, " "), (95, " "), (97, " "), (99, " "), (101, " "), (103, " "), (105, " "), (107, " "), (109, " ")]
"│        ▸ orders                      ││ 5 │    5 │ 山田太郎             │ やまだ      │ 東京都渋谷区道玄坂1-…││                                              │" Hidden by multi-width symbols: [(54, " "), (56, " "), (58, " "), (60, " "), (77, " "), (79, " "), (81, " "), (91, " "), (93, " "), (95, " "), (97, " "), (99, " "), (101, " "), (103, " "), (105, " "), (107, " ")]
"│        ▸ users                       ││ 6 │    6 │ 王小明               │ NULL        │ 北京市海淀区中关村大…││                                              │" Hidden by multi-width symbols: [(54, " "), (56, " "), (58, " "), (91, " "), (93, " "), (95, " "), (97, " "), (99, " "), (101, " "), (103, " "), (105, " "), (107, " "), (109, " ")]
"│                                      ││ 7 │    7 │ Plain ASCII User     │ ascii_only  │ 1600 Amphitheatre Pk…││                                              │"
"│                                      ││ 8 │    8 │ 全角 ＡＢＣ 半角 ｱｲｳ │ é combining │ タブ→入り住所 (tab i…││                                              │" Hidden by multi-width symbols: [(54, " "), (56, " "), (59, " "), (61, " "), (63, " "), (66, " "), (68, " "), (91, " "), (93, " "), (96, " "), (98, " "), (100, " "), (102, " ")]
"│                                      ││                                                                      ││                                              │"
"│                                      ││                                                                      ││                                              │"
"│                                      ││                                                                      ││                                              │"
"│                                      ││                                                                      ││                                              │"
"│                                      ││                                                                      ││                                              │"
"│                                      ││                                                                      ││                                              │"
"│                                      ││                                                                      ││                                              │"
"│                                      ││                                                                      ││                                              │"
"│                                      ││                                                                      ││                                              │"
"│                                      ││                                                                      ││                                              │"
"│                                      ││                                                                      ││                                              │"
"│                                      ││                                                                      ││                                              │"
"│                                      ││                                                                      ││                                              │"
"│                                      ││                                                                      ││                                              │"
"│                                      ││                                                                      ││                                              │"
"│                                      ││                                                                      ││                                              │"
"│                                      ││                                                                      ││                                              │"
"│                                      ││                                                                      ││                                              │"
"│                                      ││                                                                      ││                                              │"
"│                                      ││                                                                      ││                                              │"
"│                                      ││                                                                      ││                                              │"
"│                                      ││                                                                      ││                                              │"
"│                                      ││                                                                      ││                                              │"
"│                                      ││                                                                      ││                                              │"
"│                                      ││                                                                      ││                                              │"
"│                                      ││                                                                      ││                                              │"
"│                                      ││                                                                      ││                                              │"
"│                                      ││                                                                      ││                                              │"
"│                                      ││                                                                      ││                                              │"
"│                                      ││                                                                      ││                                              │"
"│                                      ││                                                                      ││                                              │"
"╰──────────────────────────────────────╯╰──────────────────────────────────────────────────────────────────────╯╰──────────────────────────────────────────────╯"
" local-pg · policy: default │ 8 rows · 3ms                                         │ Enter open · Tab next pane · : commands · F1 help · q quit · Space more EN "
