---
source: crates/datarig-tui/tests/flows_structure.rs
expression: "h.draw(w, hh).backend()"
---
"╭ Explorer ──────────────────╮ 1 console 1 ×                                                                            "
"│  ＋ New connection         │╭ Query · console 1 ─────────────────────────────────────────────────────────────────────╮" Hidden by multi-width symbols: [(4, " ")]
"│▾ ●   local-my              ││ local-my / datarig  127.0.0.1:55432 · policy: default      Space c s switch connection │"
"│  ▸ datarig                 ││  1 -- datarig 🐘  Ctrl+E: run the statement under the cursor                           │" Hidden by multi-width symbols: [(47, " ")]
"│  ▾ shop                    ││  2▎SELECT * FROM shop.users WHERE id <= 8;                                             │"
"│    ▾ Tables                ││  3                                                                                     │"
"│      ▾ items     ~1.2k rows││  4 SELECT u.name, o.status, o.total_amount                                             │"
"│        ▾ Columns (6)       ││  5 FROM shop.orders o                                                                  │"
"│            PK id  bigint u…││  6 JOIN shop.users u ON u.id = o.user_id                                               │"
"│            FK order_id  int││  7 WHERE o.status = 'paid';                                                            │"
"│            UQ sku  varchar…││  8                                                                                     │"
"│            qty  int, not n…││  9 SELECT * FROM analytics.events;                                                     │"
"│            created  timest…││ 10                                                                                     │"
"│            twice  int, gen…││ 11 SELECT * FROM analytics.events ORDER BY created_at DESC;                            │"
"│        ▸ Primary Key       ││ 12                                                                                     │"
"│        ▸ Foreign Keys (1)  ││ 13 SELECT analytics.slow(30);                                                          │"
"│        ▾ Indexes (6)       ││ 14                                                                                     │"
"│          ▸ PRIMARY  (id) U…││ 15 SELECT $$a body; with a semicolon$$ AS dollar, 'it''s; fine' AS quoted;             │"
"│          ▸ items_order_fk …││ 16                                                                                     │"
"│          ▸ ix_qty  (qty DE…││                                                                                        │"
"│          ▸ ix_sku_prefix  …││                                                                                        │"
"│          ▸ ix_upper  ((upp…││                                                                                        │"
"│          ▸ uq_sku  (sku) U…││                                                                                        │"
"│        ▸ Unique Constraints││                                                                                        │"
"│        ▾ Check Constraints…││                                                                                        │"
"│          ▸ items_chk_1  `q…││                                                                                        │"
"│          ▸ items_chk_2  `q…││                                                                                        │"
"│        ▾ Triggers (2)      ││                                                                                        │"
"│            items_au  AFTER…││                                                                                        │"
"│            items_bi  BEFOR…││                                                                                        │"
"│                            ││                                                                                        │"
"│                            ││                                                                                        │"
"│                            ││                                                                                        │"
"│                            ││                                                                                        │"
"│                            ││                                                                                        │"
"│                            ││                                                                                        │"
"│                            ││                                                                                        │"
"│                            ││                                                                                        │"
"╰────────────────────────────╯╰────────────────────────────────────────────────────────────────────────────────────────╯"
" NORMAL  local-my · policy: default │ items  ~1.2k rows · ~80 KB           │ Enter open · Tab next pane · : commands EN "
