---
source: crates/datarig-tui/tests/flows_chart.rs
expression: "h.draw(120, 34).backend()"
---
" 1 console 1 ×                                                                                                          "
"╭ Chart · Bars ────────────────────────────────────────────────────────────────────────────────────────────────────────╮"
"│  Result 1  [Chart]  Messages                                                                                     H/L │"
"│ [Bars]  Horizontal bars   Line                                            first 30 fetched rows · more on the server │"
"│ X day · Y orders, refunds · by none · linear scale                                                                   │"
"│ 100┤                                                                   ▂                                         █   │"
"│    │                          ▅                                        █                                         █   │"
"│    │                          █                                        █                             ▆           █   │"
"│    │               ▃          █                             █          █                             █           █   │"
"│  80┤               █          █                             █          █                  ▃          █           █   │"
"│    │               █          █                  ▆          █          █                  █          █           █   │"
"│    │    █          █          █                  █          █          █       ▁          █          █           █   │"
"│    │    █          █          █       ▃          █          █          █       █          █          █           █   │"
"│  60┤    █          █          █       █          █          █          █       █          █          █       ▄   █   │"
"│    │    █          █       ▁  █       █          █          █       ▆  █       █          █          █       █   █   │"
"│    │    █          █       █  █       █          █          █       █  █       █          █       ▂  █       █   █   │"
"│    │    █          █       █  █       █          █       ▄  █       █  █       █       ▂  █       █  █       █   █   │"
"│    │    █      ▆   █       █  █       █          █       █▃ █       █  █▆      █       █  █       █  █       █   █   │"
"│  40┤    █      █   █       █▃ █       █    ▇ ▂   █       ██ █       █  ██      █      ▇█  █       █  █       █   █▂  │"
"│    │▄   █    █ █   █       ██ █       █    █ █   █       ██ █       █  ██      █    ▂ ██  █       █▆ █       █   ██  │"
"│    │█   █    █ █   █       ██ █       █    █ █   █    ▃  ██ █       █▇ ██  ▅   █    █ ██  █       ██ █       █   ██  │"
"│    │█   █    █ █   █    ▄  ██ █   ▇   █▇   █ █   █    █  ██ █       ██ ██  █   █    █ ██  █       ██ █       █▂  ██  │"
"│  20┤█   ██   █ █   █    █  ██ █   █   ██   █ █   █    █  ██ █   ▂   ██ ██  █   █▂   █ ██  █    ▆  ██ █   █   ██  ██  │"
"│    │█   ██   █ █   █   ▅█  ██ █   █   ██   █ █   █▃   █  ██ █   █▇  ██ ██  █   ██   █ ██  █    █  ██ █   █   ██  ██  │"
"│    │█   ██   █ █   █▄  ██  ██ █   █▇  ██   █ █   ██   █  ██ █   ██  ██ ██  █   ██   █ ██  █   ▅█  ██ █   █▂  ██  ██  │"
"│    │██  ██  ▂█ █   ██  ██  ██ █   ██  ██   █ █   ██  ██  ██ █   ██  ██ ██  █▂  ██   █ ██  █▆  ██  ██ █   ██  ██  ██  │"
"│    │██  ██  ██ █   ██  ██  ██ █   ██  ██   █ █▃  ██  ██  ██ █▇  ██  ██ ██  ██  ██  ▃█ ██  ██  ██  ██ █   ██  ██  ██  │"
"│   0┤██  ██  ██ █▄  ██  ██  ██ █▇  ██  ██  ▆█ ██  ██  ██  ██ ██  ██  ██ ██  ██  ██  ██ ██  ██  ██  ██ █▂  ██  ██  ██  │"
"│    └──────────────────────────────────────────────────────────────────────────────────────────────────────────────── │"
"│     2026-09-01    2026-09-05     2026-09-09     2026-09-13     2026-09-17     2026-09-21     2026-09-25   2026-09-29 │"
"│ ■ orders  ■ refunds                                                                                                  │"
"│ ▸ 2026-09-01 · orders 37 · refunds 13 · row 1                                                                        │"
"╰──────────────────────────────────────────────────────────────────────────────────────────────────────────────────────╯"
" NORMAL  ZOOM  local-pg · policy: default │ 30+ rows (more pages) · 3ms  │ v kind · x X · s values · y copy · c rows EN "
