---
source: crates/datarig-tui/tests/flows_structure.rs
expression: "h.draw(w, hh).backend()"
---
"╭ Explorer ──────────────────╮ 1 console 1 ○ ×                                                                          "
"│  ＋ New connection         │╭ Query · console 1 ─────────────────────────────────────────────────────────────────────╮" Hidden by multi-width symbols: [(4, " ")]
"│▾ ●  local-pg              ││  local-pg / datarig  127.0.0.1:55432 · policy: default    Space c s switch connection │"
"│  ▾  datarig default       ││  1 -- datarig 🐘  Ctrl+E: run the statement under the cursor                           │" Hidden by multi-width symbols: [(47, " ")]
"│    ▸ 󱋣 analytics           ││  2▎SELECT * FROM shop.users WHERE id <= 8;                                             │"
"│    ▸ 󱋣 public              ││  3                                                                                     │"
"│    ▾ 󱋣 shop                ││  4 SELECT u.name, o.status, o.total_amount                                             │"
"│      ▾ 󱏈 Tables            ││  5 FROM shop.orders o                                                                  │"
"│        ▸ 󰓫 order_items     ││  6 JOIN shop.users u ON u.id = o.user_id                                               │"
"│        ▾ 󰓫 orders          ││  7 WHERE o.status = 'paid';                                                            │"
"│            rows unknown · …││  8                                                                                     │"
"│          ▾ 󰠵 Columns (3)   ││  9 SELECT * FROM analytics.events;                                                     │"
"│                id  bigin…││ 10                                                                                     │"
"│               user_id  bi…││ 11 SELECT * FROM analytics.events ORDER BY created_at DESC;                            │"
"│              󰊄 status  tex…││ 12                                                                                     │"
"│          ▸ 󰌆 Primary Key   ││ 13 SELECT analytics.slow(30);                                                          │"
"│          ▾ 󱆟 Foreign Keys …││ 14                                                                                     │"
"│            ▾ 󱆟 orders_even…││ 15 SELECT $$a body; with a semicolon$$ AS dollar, 'it''s; fine' AS quoted;             │"
"│                id → analyt…││ 16                                                                                     │"
"│            ▸ 󱆟 orders_user…││                                                                                        │"
"│            󰉻 Indexes       ││                                                                                        │"
"│            󰈷 Unique Constr…││                                                                                        │"
"│          ▸ 󰄵 Check Constra…││                                                                                        │"
"│            󱐋 Triggers      ││                                                                                        │"
"│        ▾ 󰓫 users           ││                                                                                        │"
"│            ~11k rows · ~4.…││                                                                                        │"
"│          ▾ 󰠵 Columns (5)   ││                                                                                        │"
"│               id  bigint,…││                                                                                        │"
"│               email  text…││                                                                                        │"
"│              󰊄 name  text,…││                                                                                        │"
"│              󰊄 nickname  t…││                                                                                        │"
"│              󰘦 profile  js…││                                                                                        │"
"│          ▸ 󰌆 Primary Key   ││                                                                                        │"
"│            󱆟 Foreign Keys  ││                                                                                        │"
"│          ▾ 󰉻 Indexes (3)   ││                                                                                        │"
"│              󰉻 users_email…││                                                                                        │"
"│              󰉻 users_nickn…││                                                                                        │"
"│              󰉻 users_pkey …││                                                                                        │"
"╰────────────────────────────╯╰────────────────────────────────────────────────────────────────────────────────────────╯"
" NORMAL  local-pg · policy: default │ Connected to local-pg      │ Enter open · Tab next pane · : commands · F1 help EN "
