---
source: crates/datarig-tui/tests/flows_strip_keys.rs
expression: "h.draw(120, 30).backend()"
---
"╭ Explorer ──────────────────╮ 1 console 1 ×                                                                            "
"│  ＋ New connection         │╭ Query · console 1 ─────────────────────────────────────────────────────────────────────╮" Hidden by multi-width symbols: [(4, " ")]
"│▾ ●   local-pg              ││ local-pg / datarig  127.0.0.1:55432 · policy: default      Space c s switch connection │"
"│  ▾ datarig default         ││  1 SELECT 1;  ✓ 1 row · 0ms · 14:03                                                    │"
"│    ▸ analytics             ││  2▎SELECT 2;  ✓ 1 row · 1ms · 14:03                                                    │"
"│    ▸ public                ││                                                                                        │"
"│    ▸ shop                  ││                                                                                        │"
"│                            ││                                                                                        │"
"│                            ││                                                                                        │"
"│                            ││                                                                                        │"
"│                            ││                                                                                        │"
"│                            │╰────────────────────────────────────────────────────────────────────────────────────────╯"
"│                            │╭ Results · 1 row ───────────────────────────────────╮╭ [Cell] Row · I ──────────────────╮"
"│                            ││  Result 1  [Result 2]  Messages                H/L ││ a                                │"
"│                            ││   │ a                                              ││ int4 · 1 character               │"
"│                            ││   │ int4                                           ││                                  │"
"│                            ││ 1 │    2                                           ││ 2                                │"
"│                            ││                                                    ││                                  │"
"│                            ││                                                    ││                                  │"
"│                            ││                                                    ││                                  │"
"│                            ││                                                    ││                                  │"
"│                            ││                                                    ││                                  │"
"│                            ││                                                    ││                                  │"
"│                            ││                                                    ││                                  │"
"│                            ││                                                    ││                                  │"
"│                            ││                                                    ││                                  │"
"│                            ││                                                    ││                                  │"
"│                            ││                                                    ││                                  │"
"╰────────────────────────────╯╰────────────────────────────────────────────────────╯╰──────────────────────────────────╯"
" NORMAL  local-pg · policy: default │ 1 row · 1ms     │ Enter view cell · n next page · y copy · v select · i detail EN "
