---
source: crates/datarig-tui/tests/flows_structure.rs
expression: "h.draw(w, hh).backend()"
---
"╭ Explorer ────────────╮ 1 console 1 ×                                          "
"│  ＋ New connection   │╭ Query · console 1 ───────────────────────────────────╮" Hidden by multi-width symbols: [(4, " ")]
"│▾ ●  local-my        ││  local-my / datarig  127.0.0.1:55432                │"
"│  ▸ 󱋣 datarig         ││  1 -- datarig 🐘  Ctrl+E: run the statement under the│" Hidden by multi-width symbols: [(41, " ")]
"│  ▾ 󱋣 shop            ││  2▎SELECT * FROM shop.users WHERE id <= 8;           │"
"│    ▾ 󱏈 Tables        ││  3                                                   │"
"│      ▾ 󰓫 items       ││  4 SELECT u.name, o.status, o.total_amount           │"
"│        ▾ 󰠵 Columns (…││  5 FROM shop.orders o                                │"
"│             id  big…││  6 JOIN shop.users u ON u.id = o.user_id             │"
"│             order_id││  7 WHERE o.status = 'paid';                          │"
"│             sku  va…││  8                                                   │"
"│            󰎠 qty  in…││  9 SELECT * FROM analytics.events;                   │"
"│            󰃰 created…││ 10                                                   │"
"│            󰎠 twice  …││ 11 SELECT * FROM analytics.events ORDER BY created_at│"
"│        ▸ 󰌆 Primary K…││ 12                                                   │"
"│        ▸ 󱆟 Foreign K…││ 13 SELECT analytics.slow(30);                        │"
"│        ▾ 󰉻 Indexes (…││ 14                                                   │"
"│          ▸ 󰉻 PRIMARY…││ 15 SELECT $$a body; with a semicolon$$ AS dollar, 'it│"
"│          ▸ 󰉻 items_o…││ 16                                                   │"
"│          ▸ 󰉻 ix_qty …││                                                      │"
"│          ▸ 󰉻 ix_sku_…││                                                      │"
"│          ▸ 󰉻 ix_upper││                                                      │"
"╰──────────────────────╯╰──────────────────────────────────────────────────────╯"
" NORMAL  local-my · policy: default │ items  ~1.2k rows · ~80 KB             EN "
