---
source: crates/datarig-tui/tests/flows_tx.rs
expression: "h.draw(160, 45).backend()"
---
"╭ Explorer ────────────────────────────╮ 1 console 1 ◆ ×                                                                                                        "
"│  ＋ New connection                   │╭ Query · console 1 ───────────────────────────────────────────────────────────────────────────────────────────────────╮" Hidden by multi-width symbols: [(4, " ")]
"│▾ ●   local-pg                        ││ local-pg / datarig  127.0.0.1:55432 · policy: default                                    Space c s switch connection │"
"│  ▾ datarig default                   ││  1▎SELECT x FROM t  ✓ 3 rows · 3ms · 14:03                                                                           │"
"│    ▸ analytics                       ││                                                                                                                      │"
"│    ▸ public                          ││                                                                                                                      │"
"│    ▸ shop                            ││                                                                                                                      │"
"│                                      ││                                                                                                                      │"
"│                                      ││                                                                                                                      │"
"│                                      ││                                                                                                                      │"
"│                                      ││                                                                                                                      │"
"│                                      ││                                                                                                                      │"
"│                                      ││                                                                                                                      │"
"│                                      ││                                                                                                                      │"
"│                                      ││                                                                                                                      │"
"│                                      ││                                                                                                                      │"
"│                                      ││                                                                                                                      │"
"│                                      │╰──────────────────────────────────────────────────────────────────────────────────────────────────────────────────────╯"
"│                                      │╭ Results · 3 rows ────────────────────────────────────────────────────╮╭ [Cell] Row · I ──────────────────────────────╮"
"│                                      ││ [Result 1]  Messages                             uncommitted (in tx) ││ x                                            │"
"│                                      ││   │ x                                                                ││ int4 · 1 character                           │"
"│                                      ││   │ int4                                                             ││                                              │"
"│                                      ││ 1 │    0                                                             ││ 0                                            │"
"│                                      ││ 2 │    1                                                             ││                                              │"
"│                                      ││ 3 │    2                                                             ││                                              │"
"│                                      ││                                                                      ││                                              │"
"│                                      ││                                                                      ││                                              │"
"│                                      ││                                                                      ││                                              │"
"│                                      ││                                                                      ││                                              │"
"│                                      ││                                                                      ││                                              │"
"│                                      ││                                                                      ││                                              │"
"│                                      ││                                                                      ││                                              │"
"│                                      ││                                                                      ││                                              │"
"│                                      ││                                                                      ││                                              │"
"│                                      ││                                                                      ││                                              │"
"│                                      ││                                                                      ││                                              │"
"│                                      ││                                                                      ││                                              │"
"│                                      ││                                                                      ││                                              │"
"│                                      ││                                                                      ││                                              │"
"│                                      ││                                                                      ││                                              │"
"│                                      ││                                                                      ││                                              │"
"│                                      ││                                                                      ││                                              │"
"│                                      ││                                                                      ││                                              │"
"╰──────────────────────────────────────╯╰──────────────────────────────────────────────────────────────────────╯╰──────────────────────────────────────────────╯"
" NORMAL  local-pg · policy: default │ TX open │ 3 rows · 3ms                       │ i type · Ctrl+E run · Tab next pane · : commands · F1 help · Space more EN "
