---
source: crates/datarig-tui/tests/flows_dialog_mouse.rs
expression: "h.draw(W, H).backend()"
---
"╭ Explorer ─────────────╮ 1 console 1 ◆ ×                                                           "
"│  ＋ New connection    │╭ Query · console 1 ──────────────────────────────────────────────────────╮" Hidden by multi-width symbols: [(4, " ")]
"│▾ ●   local-pg         ││ local-pg / datarig  127.0.0.1:55432 · policy: default                   │"
"│  ▾ datarig default    ││  1 -- datarig 🐘  Ctrl+E: run the statement under the cursor            │" Hidden by multi-width symbols: [(42, " ")]
"│    ▸ analytics        ││  2▎SELECT * FROM shop.users WHERE id <= 8;                              │"
"│    ▸ public           ││  3                                                                      │"
"│    ▸ shop             ││  4 SELECT u.name, o.status, o.total_amount                              │"
"│                       ││  5 FROM shop.orders o                                                   │"
"│                       ││  6 JOIN shop.users u ON u.id = o.user_id                                │"
"│                       ││  7 WHERE o.status = 'paid';                                             │"
"│                       ││  8                                                                      │"
"│                   ╭ Quit datarig? ───────────────────────────────────────────╮                   │"
"│                   │                                                          │                   │"
"│                   │ A transaction is open. Quitting rolls it back; its       │ DESC;             │"
"│                   │ uncommitted changes are lost.                            │                   │"
"│                   │                                                          │                   │"
"│                   │                   [ Stay ]     Quit                      │                   │"
"│                   ╰─────────────────────────────────── y quit · n/Enter stay ╯''s; fine' AS quote│"
"│                       ││ 16                                                                      │"
"│                       ││                                                                         │"
"│                       ││                                                                         │"
"│                       ││                                                                         │"
"│                       ││                                                                         │"
"│                       ││                                                                         │"
"│                       ││                                                                         │"
"│                       ││                                                                         │"
"│                       ││                                                                         │"
"│                       ││                                                                         │"
"╰───────────────────────╯╰─────────────────────────────────────────────────────────────────────────╯"
" NORMAL  local-pg · policy: default │ TX open │ Connected to local-pg                            EN "
