---
source: crates/datarig-tui/tests/flows_key_picker.rs
expression: "h.draw(120, 40).backend()"
---
"╭ Explorer ──────────────────╮╭ Workspace ─────────────────────────────────────────────────────────────────────────────╮"
"│  ＋ New connection         ││                                                                                        │" Hidden by multi-width symbols: [(4, " ")]
"│▸ ○   local-pg SSH          ││  No open tabs                                                                          │"
"│▸ ○   v6                    ││  Pick a connection in the explorer, or press Ctrl+O.                                   │"
"│▸ ○   分析-replica          ││                                                                                        │" Hidden by multi-width symbols: [(8, " "), (10, " ")]
"│                            ││  Enter      Connect and open a console                                                 │"
"│                            ││  Ctrl+O     Quick connect                                                              │"
"│                            ││  Ctrl+T     New console tab                                                            │"
"│                            ││  Space t u  Reopen a closed tab                                                        │"
"│                            ││  n          New connection                                                             │"
"│         ╭ Edit connection — local-pg ──────────────────────────────────────────────────────────────────────╮         │"
"│         │  Basic   SSH   Advanced                                                    Ctrl+N/Ctrl+P section │         │"
"│         │             ╭ SSH key file ────────────────────────────────────────────────────────╮             │         │"
"│         │ SSH tunnel  │  ../                                                                 │ees it       │         │"
"│         │ Bastion     │▾ ~/.ssh/                                                             │             │         │"
"│         │ Port        │  ▸ keys/                                                             │             │         │"
"│         │ User        │    config                                                            │             │         │"
"│         │ Log in with │    id_ed25519                                                        │             │         │"
"│         │ Key file    │    id_ed25519.pub                                                    │ome          │         │"
"│         │ Password sto│    known_hosts                                                       │             │         │"
"│         │ Passphrase  │    old.ppk                                                           │ked for whe… │         │"
"│         │ Keepalive, s│    work.pem                                                          │             │         │"
"│         │ Timeout, sec│──────────────────────────────────────────────────────────────────────│             │         │"
"│         │             │ Filter or path:                                                      │             │         │"
"│         │             │                                                                      │             │         │"
"│         │             │                                                                      │             │         │"
"│         │             ╰──── Enter pick · type a filter or path · Tab tree · ←→ folders · Esc ╯             │         │"
"│         │                                                                                                  │         │"
"│         ╰───────────────────────── Tab/↑↓ move · Ctrl+N/P section · Ctrl+T test · Ctrl+S save · Esc cancel ╯         │"
"│                            ││                                                                                        │"
"│                            ││                                                                                        │"
"│                            ││                                                                                        │"
"│                            ││                                                                                        │"
"│                            ││                                                                                        │"
"│                            ││                                                                                        │"
"│                            ││                                                                                        │"
"│                            ││                                                                                        │"
"│                            ││                                                                                        │"
"╰────────────────────────────╯╰────────────────────────────────────────────────────────────────────────────────────────╯"
"                                                                                                                     EN "
