---
source: crates/datarig-tui/tests/flows_plan.rs
expression: "h.draw(160, 45).backend()"
---
"╭ Explorer ────────────────────────────╮ 1 console 1 ×                                                                                                          "
"│  ＋ New connection                   │╭ Query · console 1 ───────────────────────────────────────────────────────────────────────────────────────────────────╮" Hidden by multi-width symbols: [(4, " ")]
"│▾ ●   local-pg                        ││ local-pg / datarig  127.0.0.1:55432 · policy: default                                    Space c s switch connection │"
"│  ▾ datarig default                   ││  1▎SELECT * FROM t;  ✓ plan · 3ms · 14:03                                                                            │"
"│    ▸ analytics                       ││                                                                                                                      │"
"│    ▸ public                          ││                                                                                                                      │"
"│    ▸ shop                            ││                                                                                                                      │"
"│                                      ││                                                                                                                      │"
"│                                      ││                                                                                                                      │"
"│                                      ││                                                                                                                      │"
"│                                      ││                                                                                                                      │"
"│                                      ││                                                                                                                      │"
"│                                      ││                                                                                                                      │"
"│                                      ││                                                                                                                      │"
"│                                      ││                                                                                                                      │"
"│                                      ││                                                                                                                      │"
"│                                      ││                                                                                                                      │"
"│                                      │╰──────────────────────────────────────────────────────────────────────────────────────────────────────────────────────╯"
"│                                      │╭ Plan · Row flow ─────────────────────────────────────────────────────────────────────────────────────────────────────╮"
"│                                      ││  Result 1  [Plan]  Messages                                                                                      H/L │"
"│                                      ││ …  Summary   Icicle   Flame   Timeline  [Row flow]  Treemap   Boxes   Raw      estimated cost, not time (no ANALYZE) │"
"│                                      ││ Estimated rows per loop (log scale): not measured (no ANALYZE)                                                       │"
"│                                      ││ Sort                                                             █████                        4                      │"
"│                                      ││   HashAggregate                                                  █████                        4                      │"
"│                                      ││     Hash Join                                   ███████████████████████████████████████  116.6k                      │"
"│                                      ││       Seq Scan on zz_orders o                   ███████████████████████████████████████  116.6k hot                  │"
"│                                      ││       Hash                                              ███████████████████████            1000                      │"
"│                                      ││         Seq Scan on zz_customers c                      ███████████████████████            1000                      │"
"│                                      ││                                                                                                                      │"
"│                                      ││                                                                                                                      │"
"│                                      ││                                                                                                                      │"
"│                                      ││                                                                                                                      │"
"│                                      ││                                                                                                                      │"
"│                                      ││                                                                                                                      │"
"│                                      ││                                                                                                                      │"
"│                                      ││                                                                                                                      │"
"│                                      ││                                                                                                                      │"
"│                                      ││                                                                                                                      │"
"│                                      ││                                                                                                                      │"
"│                                      ││                                                                                                                      │"
"│                                      ││                                                                                                                      │"
"│                                      ││                                                                                                                      │"
"│                                      ││                                                                                                                      │"
"╰──────────────────────────────────────╯╰──────────────────────────────────────────────────────────────────────────────────────────────────────────────────────╯"
" NORMAL  local-pg · policy: default │ 1 row · 3ms                  │ Enter detail · v views · h fold · y copy · Esc back · : commands · F1 help · Space more EN "
