---
source: crates/datarig-tui/tests/flows_plan.rs
expression: "h.draw(160, 45).backend()"
---
"╭ Explorer ────────────────────────────╮ 1 console 1 ×                                                                                                          "
"│  ＋ New connection                   │╭ Query · console 1 ───────────────────────────────────────────────────────────────────────────────────────────────────╮" Hidden by multi-width symbols: [(4, " ")]
"│▾ ●   local-pg                        ││ local-pg / datarig  127.0.0.1:55432 · policy: default                                    Space c s switch connection │"
"│  ▾ datarig default                   ││  1▎SELECT * FROM t;  ✓ plan · 3ms · 14:03                                                                            │"
"│    ▸ analytics                       ││                                                                                                                      │"
"│    ▸ public                          ││                                                                                                                      │"
"│    ▸ shop                            ││                                                                                                                      │"
"│                                      ││                                                                                                                      │"
"│                                      ││                                                                                                                      │"
"│                                      ││                                                                                                                      │"
"│                                      ││                                                                                                                      │"
"│                                      ││                                                                                                                      │"
"│                                      ││                                                                                                                      │"
"│                                      ││                                                                                                                      │"
"│                                      ││                                                                                                                      │"
"│                                      ││                                                                                                                      │"
"│                                      ││                                                                                                                      │"
"│                                      │╰──────────────────────────────────────────────────────────────────────────────────────────────────────────────────────╯"
"│                                      │╭ Plan · Tree ─────────────────────────────────────────────────────────────────────────────────────────────────────────╮"
"│                                      ││  Result 1  [Plan]  Messages                                                                                      H/L │"
"│                                      ││ [Tree]  Summary   Icicle   Flame   Timeline   Row flow   Treemap   Boxes  …   execution 133.0 ms · planning 7.803 ms │"
"│                                      ││ Node                                          est rows  rows ×loops       self      total share              hit/read│"
"│                                      ││ ▾ Finalize HashAggregate                          1000         1000    11.3 ms   132.6 ms ▊           8%       1274/0│"
"│                                      ││ └─▾ Gather hot                                    2400         3000    40.6 ms   121.3 ms ██▊        30%       1274/0│"
"│                                      ││   └─▾ Partial HashAggregate hot                   1000      1000 ×3    54.7 ms    80.7 ms ███▊       41%       1274/0│"
"│                                      ││     └── Parallel Seq Scan on zz_orders           77.4k     61.9k ×3    26.0 ms    26.0 ms █▊         19%       1274/0│"
"│                                      ││                                                                                                                      │"
"│                                      ││                                                                                                                      │"
"│                                      ││                                                                                                                      │"
"│                                      ││                                                                                                                      │"
"│                                      ││                                                                                                                      │"
"│                                      ││                                                                                                                      │"
"│                                      ││                                                                                                                      │"
"│                                      ││                                                                                                                      │"
"│                                      ││                                                                                                                      │"
"│                                      ││                                                                                                                      │"
"│                                      ││                                                                                                                      │"
"│                                      ││                                                                                                                      │"
"│                                      ││                                                                                                                      │"
"│                                      ││                                                                                                                      │"
"│                                      ││                                                                                                                      │"
"│                                      ││                                                                                                                      │"
"│                                      ││                                                                                                                      │"
"╰──────────────────────────────────────╯╰──────────────────────────────────────────────────────────────────────────────────────────────────────────────────────╯"
" NORMAL  local-pg · policy: default │ 1 row · 3ms                  │ Enter detail · v views · h fold · y copy · Esc back · : commands · F1 help · Space more EN "
