---
source: crates/datarig-tui/tests/flows_tab_list.rs
expression: backend
---
"╭ Explorer ──────────────────╮ 1 console 1 ◆ ×  2 console 2 ×  ⠋ shop.users ×                                           "
"│  ＋ New connection         │╭ Query · console 2 ─────────────────────────────────────────────────────────────────────╮" Hidden by multi-width symbols: [(4, " ")]
"│▾ ●   local-pg              ││ local-pg / datarig  127.0.0.1:55432 · policy: default      Space c s switch connection │"
"│  ▾ datarig default         ││  1                                                                                     │"
"│    ▸ analytics             ││                                                                                        │"
"│    ▸ public                ││                                                                                        │"
"│    ▾ shop                  ││                                                                                        │"
"│      ▾ Tables              ││                                                                                        │"
"│        ▸ orders            ││                                                                                        │"
"│        ▸ users             ││                                                                                        │"
"│                            ││                                                                                        │"
"│                            ││                                                                                        │"
"│         ╭ Tabs ────────────────────────────────────────────────────────────────────────────────────────────╮         │"
"│         │ › type part of a name, connection, database, schema, kind or number                              │         │"
"│         │                                                                                                  │         │"
"│         │  2    console 2   console    local-pg · datarig                                                  │         │"
"│         │  ⠋    shop.users  table      local-pg · datarig                                                  │         │"
"│         │  1 ◆  console 1   console    local-pg · datarig                                                  │         │"
"│         │ Recently closed                                                                                  │         │"
"│         │       console 3   console    local-pg · datarig.shop                                             │         │"
"│         ╰───────────────────────────────────────────── Enter go · Ctrl+D close tab · ↑↓ select · Esc close ╯         │"
"│                            ││                                                                                        │"
"│                            ││                                                                                        │"
"│                            ││                                                                                        │"
"│                            ││                                                                                        │"
"│                            ││                                                                                        │"
"│                            ││                                                                                        │"
"│                            ││                                                                                        │"
"│                            ││                                                                                        │"
"│                            ││                                                                                        │"
"│                            ││                                                                                        │"
"│                            ││                                                                                        │"
"╰────────────────────────────╯╰────────────────────────────────────────────────────────────────────────────────────────╯"
" NORMAL  local-pg · policy: default │                                                                                EN "
