---
source: crates/datarig-tui/tests/ui_snapshots.rs
expression: backend
---
"╭ Explorer ────────────╮ 1 console 1 ×                                          "
"│ ╭ Settings ────────────────────────────────────────────────────────────────╮─╮"
"│▾│ Display                                                                  │ │"
"│ │   Nerd Font icons           ‹ on        ›  Nerd Font icons → on          │e│"
"│ │   Command line position     ‹ popup     ›  A popup near the top of the … │ │"
"│ │   Theme                     ‹ dark      ›  Dark, truecolor               │ │"
"│ │ Editor                                                                   │ │"
"│ │   Cursor shape              ‹ on        ›  By mode (block or bar)        │ │"
"│ │   Yanks to the clipboard    ‹ on        ›  Yes, as Vim with clipboard=u… │ │"
"│ │ Results                                                                  │ │"
"│ │   Cell detail               ‹ panel     ›  A panel on the right of the … │ │"
"│ │ Clipboard                                                                │ │"
"│ │   Clipboard                 ‹ auto      ›  Automatic: OSC 52 over SSH, … │ │"
"│ │   Column names in copies    ‹ auto      ›  When more than one row is co… │t│"
"│ │ Language                                                                 │ │"
"│ │   UI language               ‹ en        ›  Change language → English     │ │"
"│ │ Secrets                                                                  │ │"
"│ │   Password storage of new…  ‹ auto      ›  New profiles' password → aut… │t│"
"│ │ Previewing dark: Enter keeps it, Esc goes back to terminal               │ │"
"│ │ Terminal background: not detected (catppuccin, tokyo-night and gruvbox   │ │"
"│ │ use their dark variant)                                                  │ │"
"│ ╰─────────────────────────────────────── j/k move · h/l change · Esc close ╯ │"
"╰──────────────────────╯╰──────────────────────────────────────────────────────╯"
" NORMAL  local-pg · policy: default │ Connected to local-pg                  EN "
