---
source: crates/datarig-tui/tests/ui_snapshots.rs
expression: "h.draw(w, hh).backend()"
---
"╭ Explorer ────────────╮ 1 console 1 ○ ×                                        "
"│  ＋ New connection   │╭ Query · console 1 ───────────────────────────────────╮" Hidden by multi-width symbols: [(4, " ")]
"│      ▾ Tables        ││ local-pg / datarig  127.0.0.1:55432 · policy: default│"
"│        ▾ users       ││  1 -- datarig 🐘  Ctrl+E: run the statement under the│" Hidden by multi-width symbols: [(41, " ")]
"│            PK id  bi…││  2▎SELECT * FROM shop.users WHERE id <= 8;           │"
"│            UQ email …││  3                                                   │"
"│            name  text││  4 SELECT u.name, o.status, o.total_amount           │"
"│            nickname …││  5 FROM shop.orders o                                │"
"│            profile  …││  6 JOIN shop.users u ON u.id = o.user_id             │"
"│        ▾ zz_types    ││  7 WHERE o.status = 'paid';                          │"
"│            t  text   ││  8                                                   │"
"│            n  numeri…││  9 SELECT * FROM analytics.events;                   │"
"│            at  times…││ 10                                                   │"
"│            ok  boole…││ 11 SELECT * FROM analytics.events ORDER BY created_at│"
"│            doc  jsonb││ 12                                                   │"
"│            uid  uuid ││ 13 SELECT analytics.slow(30);                        │"
"│            raw  bytea││ 14                                                   │"
"│            tags  tex…││ 15 SELECT $$a body; with a semicolon$$ AS dollar, 'it│"
"│            mood  ord…││ 16                                                   │"
"│      ▾ Views         ││                                                      │"
"│        ▸ order_summa…││                                                      │"
"│        ▸ zz_mv       ││                                                      │"
"╰──────────────────────╯╰──────────────────────────────────────────────────────╯"
" NORMAL  local-pg · policy: default │ Connected to local-pg     │ Enter open EN "
