---
source: crates/datarig-tui/tests/ui_snapshots.rs
expression: "h.draw(w, hh).backend()"
---
"╭ Explorer ────────────────────────────╮ 1 console 1 ×                                                                                                          "
"│  ＋ New connection                   │╭ Query · console 1 ───────────────────────────────────────────────────────────────────────────────────────────────────╮" Hidden by multi-width symbols: [(4, " ")]
"│▾ ●  local-pg                        ││  local-pg / datarig  127.0.0.1:55432 · policy: default                                  Space c s switch connection │"
"│  ▾  datarig default                 ││  1 -- datarig 🐘  Ctrl+E: run the statement under the cursor                                                         │" Hidden by multi-width symbols: [(57, " ")]
"│    ▸ 󱋣 analytics                     ││  2▎SELECT * FROM shop.users WHERE id <= 8;                                                                           │"
"│    ▸ 󱋣 public                        ││  3                                                                                                                   │"
"│    ▾ 󱋣 shop                          ││  4 SELECT u.name, o.status, o.total_amount                                                                           │"
"│      ▾ 󱏈 Tables                      ││  5 FROM shop.orders o                                                                                                │"
"│        ▾ 󰓫 users   ~11k rows · 4.2 MB││  6 JOIN shop.users u ON u.id = o.user_id                                                                             │"
"│             id  bigint              ││  7 WHERE o.status = 'paid';                                                                                          │"
"│             email  text             ││  8                                                                                                                   │"
"│            󰊄 name  text              ││  9 SELECT * FROM analytics.events;                                                                                   │"
"│            󰊄 nickname  text          ││ 10                                                                                                                   │"
"│            󰘦 profile  jsonb          ││ 11 SELECT * FROM analytics.events ORDER BY created_at DESC;                                                          │"
"│        ▾ 󰓫 zz_types                  ││ 12                                                                                                                   │"
"│            󰊄 t  text                 ││ 13 SELECT analytics.slow(30);                                                                                        │"
"│            󰎠 n  numeric(10,2)        ││ 14                                                                                                                   │"
"│            󰃰 at  timestamp with time…││ 15 SELECT $$a body; with a semicolon$$ AS dollar, 'it''s; fine' AS quoted;                                           │"
"│            󰨚 ok  boolean             ││ 16                                                                                                                   │"
"│            󰘦 doc  jsonb              ││                                                                                                                      │"
"│            󰻾 uid  uuid               ││                                                                                                                      │"
"│            󱊧 raw  bytea              ││                                                                                                                      │"
"│            󰅪 tags  text[]            ││                                                                                                                      │"
"│            󰠲 mood  order_status      ││                                                                                                                      │"
"│      ▾ 󰛐 Views                       ││                                                                                                                      │"
"│        ▸ 󱂔 order_summary             ││                                                                                                                      │"
"│        ▸ 󱎠 zz_mv    ~950 rows · 16 KB││                                                                                                                      │"
"│                                      ││                                                                                                                      │"
"│                                      ││                                                                                                                      │"
"│                                      ││                                                                                                                      │"
"│                                      ││                                                                                                                      │"
"│                                      ││                                                                                                                      │"
"│                                      ││                                                                                                                      │"
"│                                      ││                                                                                                                      │"
"│                                      ││                                                                                                                      │"
"│                                      ││                                                                                                                      │"
"│                                      ││                                                                                                                      │"
"│                                      ││                                                                                                                      │"
"│                                      ││                                                                                                                      │"
"│                                      ││                                                                                                                      │"
"│                                      ││                                                                                                                      │"
"│                                      ││                                                                                                                      │"
"│                                      ││                                                                                                                      │"
"╰──────────────────────────────────────╯╰──────────────────────────────────────────────────────────────────────────────────────────────────────────────────────╯"
" NORMAL  local-pg · policy: default │ zz_mv  ~950 rows · ~16 KB                    │ Enter open · Tab next pane · : commands · F1 help · q quit · Space more EN "
