---
source: crates/datarig-tui/tests/ui_snapshots.rs
expression: backend
---
"╭ Explorer ────────────────────────────╮ 1 console 1 ×                                                                                                          "
"│  ＋ New connection                   │╭ Query · console 1 ───────────────────────────────────────────────────────────────────────────────────────────────────╮" Hidden by multi-width symbols: [(4, " ")]
"│▾ ●   local-pg                        ││ local-pg / datarig  127.0.0.1:55432 · policy: default                                    Space c s switch connection │"
"│  ▾ datarig default                   ││  1 -- datarig 🐘  Ctrl+E: run the statement under the cursor                                                         │" Hidden by multi-width symbols: [(57, " ")]
"│    ▸ analytics                       ││  2▎SELECT * FROM shop.users WHERE id <= 8;                                                                           │"
"│    ▸ public                          ││  3                                                                                                                   │"
"│    ▸ shop                            ││  4 SELECT u.name, o.status, o.total_amount                                                                           │"
"│                                      ││  5 FROM shop.orders o                                                                                                │"
"│                                      ││  6 JOIN shop.users u ON u.id = o.user_id                                                                             │"
"│                                      ││  7 WHERE o.status = 'paid';                                                                                          │"
"│                                      ││  8                                                                                                                   │"
"│                                      ││  9 SELECT * FROM analytics.events;                                                                                   │"
"│                                      ││ 10                                                                                                                   │"
"│                                      ││ 11 SELECT * FROM analytics.events ORDER BY created_at DESC;                                                          │"
"│                                      ││ 12                                                                                                                   │"
"│                                      ││ 13 SELECT analytics.slow(30);                                                                                        │"
"│                                      ││ 14                                                                                                                   │"
"│                                      │╰──────────────────────────────────────────────────────────────────────────────────────────────────────────────────────╯"
"│                                      │╭ Results · 8 rows ────────────────────────────────────────────────────╮╭ [Cell] Row · I ──────────────────────────────╮"
"│                                      ││   │ id   │ name                 │ nickname    │ address              ││ name                                         │"
"│                                      ││   │ int8 │ text                 │ text        │ text                 ││ text · 3 characters · 9 bytes                │"
"│                                      ││ 1 │    1 │ 陳大文               │ 大文🐘      │ 臺北市信義區信義路五…││                                              │" Hidden by multi-width symbols: [(54, " "), (56, " "), (58, " "), (77, " "), (79, " "), (81, " "), (91, " "), (93, " "), (95, " "), (97, " "), (99, " "), (101, " "), (103, " "), (105, " "), (107, " "), (109, " ")]
"│                                      ││ 2 │    2 │ 林美玲               │ NULL        │ 高雄市前鎮區成功二路…││ 林美玲                                       │" Hidden by multi-width symbols: [(54, " "), (56, " "), (58, " "), (91, " "), (93, " "), (95, " "), (97, " "), (99, " "), (101, " "), (103, " "), (105, " "), (107, " "), (109, " "), (115, " "), (117, " "), (119, " ")]
"│                                      ││ 3 │    3 │ ╭────────────────────────────────────────────────────────╮││                                              │"
"│                                      ││ 4 │    4 │ │ › type to filter                                       │││                                              │"
"│                                      ││ 5 │    5 │ │ Cell name, row 2                                       │││                                              │"
"│                                      ││ 6 │    6 │ │  Results: view cell value                        Enter │││                                              │"
"│                                      ││ 7 │    7 │ │  Result detail → show / hide                         i │││                                              │"
"│                                      ││ 8 │    8 │ │  Copy the cell (a selected range as TSV)             y │││                                              │"
"│                                      ││            │  Copy the row (the selected rows) as TSV             Y │││                                              │"
"│                                      ││            │  Copy selection ▸                                      │││                                              │"
"│                                      ││            │ Results                                                │││                                              │"
"│                                      ││            │  Copy all fetched rows ▸                               │││                                              │"
"│                                      ││            │  Results → count every row (runs a count query)      # │││                                              │"
"│                                      ││            │  Results pane → maximise / restore                   z │││                                              │"
"│                                      ││            ╰────────────────────────────────────────────────────────╯││                                              │"
"│                                      ││                                                                      ││                                              │"
"│                                      ││                                                                      ││                                              │"
"│                                      ││                                                                      ││                                              │"
"│                                      ││                                                                      ││                                              │"
"│                                      ││                                                                      ││                                              │"
"│                                      ││                                                                      ││                                              │"
"│                                      ││                                                                      ││                                              │"
"╰──────────────────────────────────────╯╰──────────────────────────────────────────────────────────────────────╯╰──────────────────────────────────────────────╯"
" NORMAL  local-pg · policy: default │ 8 rows · 12ms                                                                                                          EN "
