---
source: crates/datarig-tui/tests/ui_snapshots.rs
expression: "h.draw(80, 24).backend()"
---
"╭ Explorer ────────────╮ 1 console 1 ×                                          "
"│ ╭ Keys — Editor (vim Normal) ──────────────────────────────────────────────╮─╮"
"│▾│ / results                                                                │t│"
"│ │──────────────────────────────────────────────────────────────────────────│e│"
"│ │ ▾ Panes (not typing)                                                     │ │"
"│ │   Format the statement under the cursor or the sele… Space e f           │ │"
"│ │   Copy selection: Without headers (TSV)              Space r y t         │ │"
"│ │   Copy selection: With headers (TSV)                 Space r y T         │ │"
"│ │   Copy selection: Comma list                         Space r y l         │ │"
"│ │   Copy selection: CSV                                Space r y c         │ │"
"│ │   Copy selection: JSON                               Space r y j         │ │"
"│ │   Copy selection: JSON (pretty)                      Space r y J         │ │"
"│ │   Copy selection: Markdown                           Space r y m         │ │"
"│ │   Copy selection: HTML table                         Space r y h         │t│"
"│ │   Copy selection: XML                                Space r y x         │ │"
"│ │   Copy selection: SQL IN clause                      Space r y n         │ │"
"│ │   Copy selection: SQL INSERT                         Space r y i         │ │"
"│ │   Copy selection: SQL UPDATE                         Space r y u         │t│"
"│ │   Copy all fetched rows: Without headers (TSV)       Space r a t         │ │"
"│ │   Copy all fetched rows: With headers (TSV)          Space r a T         │ │"
"│ │   Copy all fetched rows: Comma list                  Space r a l         │ │"
"│ ╰─────────────────── ↑↓ move · Enter run/open · l/h open/close · Esc close ╯ │"
"╰──────────────────────╯╰──────────────────────────────────────────────────────╯"
" NORMAL  local-pg · policy: default │ Connected to local-pg                  EN "
