---
source: crates/datarig-tui/tests/ui_snapshots.rs
expression: t.backend()
---
"╭ Explorer ────────────╮ 1 console 1 ×                                          "
"│  ＋ New connection   │╭ Query · console 1 ───────────────────────────────────╮" Hidden by multi-width symbols: [(4, " ")]
"│▾ local               ││  local-pg / datarig  127.0.0.1:55432                │"
"│  ▸ ○  scratch       ││  1 -- datarig 🐘  Ctrl+E: run the statement under the│" Hidden by multi-width symbols: [(41, " ")]
"│▾ work                ││  2▎SELECT * FROM shop.users WHERE id <= 8;           │"
"│  ▾ prod              ││  3                                                   │"
"│    ▸ ⠋  orders-prod ││  4 SELECT u.name, o.status, o.total_amount           │"
"│    ▸ ✕  分析-replica││  5 FROM shop.orders o                                │" Hidden by multi-width symbols: [(12, " "), (14, " ")]
"│   ╭ Quick connect ───────────────────────────────────────────────────────╮   │"
"│  ▸│ › ord                                                                │   │"
"│▾ ●│                                                                      │   │"
"│  ▾│ ▸ ○  orders-stage  work/                                            │   │"
"│   │ ▸ ⠋  orders-prod  work/prod/                                        │   │"
"│   │ ▸ ✕  分析-replica  work/prod/                                       │_at│" Hidden by multi-width symbols: [(13, " "), (15, " ")]
"│   ╰── Enter pick · → databases, schemas · ← back · ↑↓ select · Esc close ╯   │"
"│                      ││ 13 SELECT analytics.slow(30);                        │"
"│                      ││ 14                                                   │"
"│                      ││ 15 SELECT $$a body; with a semicolon$$ AS dollar, 'it│"
"│                      ││ 16                                                   │"
"│                      ││                                                      │"
"│                      ││                                                      │"
"│                      ││                                                      │"
"╰──────────────────────╯╰──────────────────────────────────────────────────────╯"
" NORMAL  local-pg │ Connection failed: password authentication failed for u… EN "
