---
source: crates/datarig-tui/tests/ui_snapshots.rs
expression: backend
---
"╭ Explorer ────────────────────────────╮ 1 console 1 ○ ×                                                                                                        "
"│  ＋ New connection          ╭ Settings ────────────────────────────────────────────────────────────────────────────────────────╮─────────────────────────────╮" Hidden by multi-width symbols: [(4, " ")]
"│▾ ●  local-pg               │                                                                                                  │ Space c s switch connection │"
"│  ▾  datarig default        │ Display                                                                                          │                             │"
"│    ▸ 󱋣 analytics            │   Nerd Font icons                   ‹ on        ›  Nerd Font icons → on                          │                             │"
"│    ▸ 󱋣 public               │   Command line position             ‹ popup     ›  A popup near the top of the screen            │                             │"
"│    ▸ 󱋣 shop                 │   Theme                             ‹ terminal  ›  Your terminal's own colors (the default)      │                             │"
"│                             │ Editor                                                                                           │                             │"
"│                             │   Cursor shape                      ‹ on        ›  By mode (block or bar)                        │                             │"
"│                             │ Results                                                                                          │                             │"
"│                             │   Cell detail                       ‹ panel     ›  A panel on the right of the results           │                             │"
"│                             │ Clipboard                                                                                        │                             │"
"│                             │   Clipboard                         ‹ auto      ›  Automatic: OSC 52 over SSH, else the system … │                             │"
"│                             │   Column names in copies            ‹ auto      ›  When more than one row is copied              │                             │"
"│                             │ Language                                                                                         │                             │"
"│                             │   UI language                       ‹ en        ›  Change language → English                     │                             │"
"│                             │ Secrets                                                                                          │                             │"
"│                             │   Password storage of new profiles  ‹ auto      ›  New profiles' password → auto (keychain when… │                             │"
"│                             │──────────────────────────────────────────────────────────────────────────────────────────────────│                             │"
"│                             │ Terminal background: not detected (catppuccin, tokyo-night and gruvbox use their dark variant)   │                             │"
"│                             │ The colors of the whole UI. terminal uses your terminal's own colors. catppuccin, tokyo-night    │                             │"
"│                             │ and gruvbox follow the terminal's background (light or dark); a variant name such as             │                             │"
"│                             │ gruvbox-light pins one. Your own themes: themes/<name>.toml next to the config file.             │                             │"
"│                             │                                                                                                  │                             │"
"│                             │                                                                                                  │                             │"
"│                             │                                                                                                  │                             │"
"│                             │                                                                                                  │                             │"
"│                             │                                                                                                  │                             │"
"│                             │                                                                                                  │                             │"
"│                             │                                                                                                  │                             │"
"│                             │                                                                                                  │                             │"
"│                             │                                                                                                  │                             │"
"│                             │                                                                                                  │                             │"
"│                             │                                                                                                  │                             │"
"│                             │                                                                                                  │                             │"
"│                             │                                                                                                  │                             │"
"│                             │                                                                                                  │                             │"
"│                             │                                                                                                  │                             │"
"│                             │                                                                                                  │                             │"
"│                             │                                                                                                  │                             │"
"│                             │                                                                                                  │                             │"
"│                             │                                                                                                  │                             │"
"│                             ╰─────────────────────────────────────────────────────────────── j/k move · h/l change · Esc close ╯                             │"
"╰──────────────────────────────────────╯╰──────────────────────────────────────────────────────────────────────────────────────────────────────────────────────╯"
" NORMAL  local-pg · policy: default │ Connected to local-pg                                                                                                  EN "
