---
source: crates/datarig-tui/tests/ui_snapshots.rs
expression: backend
---
"╭ Explorer ────────────────────────────╮╭ Welcome ─────────────────────────────────────────────────────────────────────────────────────────────────────────────╮"
"│  ＋ New connection                   ││                                                                                                                      │" Hidden by multi-width symbols: [(4, " ")]
"│                                      ││  datarig                                                                                                             │"
"│ No connection profiles yet           ││  Dive into any database — right from your terminal.                                                                  │"
"│ Press n to create one, or paste a    ││                                                                                                                      │"
"│ postgres:// URL                      ││  No connection profiles yet.                                                                                         │"
"│                                      ││                                                                                                                      │"
"│                                      ││  n   New connection                                                                                                  │"
"│                                      ││  F1  Keyboard help                                                                                                   │"
"│                                      ││  :   Commands                                                                                                        │"
"│                                      ││  q   Quit                                                                                                            │"
"│                                      ││  Paste a postgres:// URL to fill in the form                                                                         │"
"│                                      ││                                                                                                                      │"
"│                                      ││                                                                                                                      │"
"│                                      ││                                                                                                                      │"
"│                                      ││                                                                                                                      │"
"│                                      ││                                                                                                                      │"
"│                                      ││                                                                                                                      │"
"│                                      ││                                                                                                                      │"
"│                                      ││                                                                                                                      │"
"│                                      ││                                                                                                                      │"
"│                                      ││                                                                                                                      │"
"│                                      ││                                                                                                                      │"
"│                                      ││                                                                                                                      │"
"│                                      ││                                                                                                                      │"
"│                                      ││                                                                                                                      │"
"│                                      ││                                                                                                                      │"
"│                                      ││                                                                                                                      │"
"│                                      ││                                                                                                                      │"
"│                                      ││                                                                                                                      │"
"│                                      ││                                                                                                                      │"
"│                                      ││                                                                                                                      │"
"│                                      ││                                                                                                                      │"
"│                                      ││                                                                                                                      │"
"│                                      ││                                                                                                                      │"
"│                                      ││                                                                                                                      │"
"│                                      ││                                                                                                                      │"
"│                                      ││                                                                                                                      │"
"│                                      ││                                                                                                                      │"
"│                                      ││                                                                                                                      │"
"│                                      ││                                                                                                                      │"
"│                                      ││                                                                                                                      │"
"│                                      ││                                                                                                                      │"
"╰──────────────────────────────────────╯╰──────────────────────────────────────────────────────────────────────────────────────────────────────────────────────╯"
"                                                                                   │ Enter open · Tab next pane · : commands · F1 help · q quit · Space more EN "
